  [i] Copying source tree to /app/se_runs/sailor_engine/tcpdump-4.9.2/102_print-smb.c_1260_local_cpp_cwe-125-oob-read/src_copy...
  [i] Source copy ready (2127 files)
  [i] Build headers: 1 templates found, 0 headers generated
  [i] Build headers: 1 templates found, 0 headers generated
  [i] Loaded: compile_commands.json
  [i] Loaded: fact_pack.json
  [i] Loaded: findings.json
  [i] Spec loaded: 102_print-smb.c_1260_local_cpp_cwe-125-oob-read.json
  [SA] fact_pack: 811 findings (list format)
  [i] Vulnerable function: smb_tcp_print
  [SA] Compile flags from compile_commands: 8 flags, build_dir=/app/dataset/tcp/tcpdump-4.9.2
  [i] Struct groom: 0 guards, 0 stub prescriptions, 0 constants
  [i] SA context written to /app/se_runs/sailor_engine/tcpdump-4.9.2/102_print-smb.c_1260_local_cpp_cwe-125-oob-read/sa_context
  [i] Auto-generated baseline driver.c (937 chars)
  [Turn 1] Thought: Read the vulnerability model once via SA context to get source_context, goto labels, and driver_hint before writing the driver.
  [Turn 1] Tool: ReadSAContext
  [Turn 2] Thought: I’ve read the vulnerability summary. Next I need the exact source context and driver hint from the same file, since that contains the switch/case path and sink text needed for a minimal driver/harness.
  [Turn 2] Tool: ReadSAContext
  [Turn 3] Thought: I have the exact source context now. Next I need the function body/type defs for smb_tcp_print and netdissect_options, then I can write the minimal harness and driver in one shot.
  [Turn 3] Tool: GatherCode
  [Tool] GatherCode(funcs=smb_tcp_print, types=netdissect_options)
  [!] JSON parse failed (attempt 1/3), retrying...
  [Turn 4] Thought: I need to correct the response format and provide a single tool call only.
  [Turn 4] Tool: WriteStubs
  [Tool] WriteStubs: 156 chars
  [Turn 5] Thought: I have the vulnerable function body and type definition. Now I will write a minimal pass-through harness and a symbolic-first driver that sets up ndo->ndo_snapend and a valid TCP payload so smb_tcp_print reaches the memcmp sink.
  [Turn 5] Tool: WriteDriver
  [Tool] WriteDriver: 659 chars
  [Turn 6] Thought: The driver and stubs are written. Next step is to compile and run KLEE to see whether the target is reached or whether there are harness issues to fix.
  [Turn 6] Tool: CompileSlice
  [Tool] CompileSlice
    [i] Generating smart stubs...
    [i] SmartStubs: 0 symbolic + 0 hardcoded + 0 proactive → smart_stubs.c
    [i] Auto-including /app/dataset/tcp/tcpdump-4.9.2/config.h
  [Turn 7] Thought: The driver is missing the netdissect_options definition. I need to inspect the harness preamble/include pattern and then patch driver.c to include the correct project header or disable harness_types injection if necessary.
  [Turn 7] Tool: GrepSource
  [System] NUDGE: Turn 7, no harness yet — write code now
  [Tool] GrepSource: '#include' in parser.c
  [Turn 8] Thought: The file is not present because the harness spine is smb_tcp_print, not parser.c. I should instead patch driver.c to avoid relying on the missing generated type header by declaring the needed struct locally with only the fields used by smb_tcp_print.
  [Turn 8] Tool: WriteDriver
  [Tool] WriteDriver: 801 chars
  [Turn 9] Thought: The driver has been updated with a local struct definition. I should recompile now to see whether the stubbed layout is sufficient or whether the harness needs an actual preamble include from the generated types.
  [Turn 9] Tool: CompileSlice
  [Tool] CompileSlice
    [i] Auto-including /app/dataset/tcp/tcpdump-4.9.2/config.h
    [+] driver.c -> OK
    [+] smart_stubs.c -> OK
    [+] stubs.c -> OK
    [KLEE] Running: timeout=300s
    [KLEE] Command: /opt/klee/bin/klee --output-dir=/app/se_runs/sailor_engine/tcpdump-4.9.2/102_print-smb.c_1260_local_cpp_cwe-125-oob-read/logs/klee_run_1 --max-time=300s --write-kqueries --write-smt2s --optimize --search=random-path --search=dfs --only-output-states-covering-new --external-calls=all --check-overshift --max-depth=1000 --max-memory=2048 /app/se_runs/sailor_engine/tcpdump-4.9.2/102_print-smb.c_1260_local_cpp_cwe-125-oob-read/harness/slice.bc
    KLEE: output directory is "/app/se_runs/sailor_engine/tcpdump-4.9.2/102_print-smb.c_1260_local_cpp_cwe-125-oob-read/logs/klee_run_1"
    KLEE: Using Z3 solver backend
    KLEE: Deterministic allocator: Using quarantine queue size 8
    KLEE: Deterministic allocator: globals (start-address=0x7f1d857a5000 size=10 GiB)
    KLEE: Deterministic allocator: constants (start-address=0x7f1b057a5000 size=10 GiB)
    KLEE: Deterministic allocator: heap (start-address=0x7e1b057a5000 size=1024 GiB)
    KLEE: Deterministic allocator: stack (start-address=0x7dfb057a5000 size=128 GiB)
    KLEE: WARNING: undefined reference to function: smb_tcp_print
    KLEE: WARNING ONCE: Alignment of memory from call "calloc" is not modelled. Using alignment of 8.
    KLEE: ERROR: driver.c:28: memory error: invalid pointer: make_symbolic
    KLEE: NOTE: now ignoring this error at this location
    KLEE: done: total instructions = 41
    KLEE: done: completed paths = 0
    KLEE: done: partially completed paths = 1
    KLEE: done: generated tests = 1
    [KLEE] Exit code: 0, Elapsed: 0.1s
    [KLEE] Log saved: /app/se_runs/sailor_engine/tcpdump-4.9.2/102_print-smb.c_1260_local_cpp_cwe-125-oob-read/logs/klee_1.log
    [KLEE] Crash: CRASH: ptr at driver.c:28
    [KLEE] SPINE COVERAGE: smb_tcp_print: NOT REACHED
    [KLEE] Results: bug_found=True, sink_reached=False, paths=0, tests=1
    [KLEE] Crash: CRASH: ptr at driver.c:28
    [KLEE] Diagnostics: MEMORY ERROR detected by KLEE.; SPINE COVERAGE: smb_tcp_print: NOT REACHED; TARGET smb_tcp_print NOT REACHED and no spine functions entered. Check driver — is it calling smb_tcp_print?
  [Turn 10] Thought: The crash is from making the buffer symbolic via an invalid pointer/shape in driver.c. I will simplify the driver to use concrete allocations only, avoid symbolicizing a bad pointer, and set ndo->ndo_snapend to a valid concrete end pointer. Then retry compilation and KLEE.
  [Turn 10] Tool: WriteDriver
  [Tool] WriteDriver: 722 chars
  [Turn 11] Thought: The driver has been fixed to use only concrete allocations and valid pointers. Next I will compile and run KLEE again to see if smb_tcp_print is reached.
  [Turn 11] Tool: CompileSlice
  [Tool] CompileSlice
    [i] Auto-including /app/dataset/tcp/tcpdump-4.9.2/config.h
    [+] driver.c -> OK
    [+] smart_stubs.c -> OK
    [+] stubs.c -> OK
    [KLEE] Running: timeout=300s
    [KLEE] Command: /opt/klee/bin/klee --output-dir=/app/se_runs/sailor_engine/tcpdump-4.9.2/102_print-smb.c_1260_local_cpp_cwe-125-oob-read/logs/klee_run_2 --max-time=300s --write-kqueries --write-smt2s --optimize --search=random-path --search=dfs --only-output-states-covering-new --external-calls=all --check-overshift --max-depth=1000 --max-memory=2048 /app/se_runs/sailor_engine/tcpdump-4.9.2/102_print-smb.c_1260_local_cpp_cwe-125-oob-read/harness/slice.bc
    KLEE: output directory is "/app/se_runs/sailor_engine/tcpdump-4.9.2/102_print-smb.c_1260_local_cpp_cwe-125-oob-read/logs/klee_run_2"
    KLEE: Using Z3 solver backend
    KLEE: Deterministic allocator: Using quarantine queue size 8
    KLEE: Deterministic allocator: globals (start-address=0x7a30d56d4000 size=10 GiB)
    KLEE: Deterministic allocator: constants (start-address=0x7a2e556d4000 size=10 GiB)
    KLEE: Deterministic allocator: heap (start-address=0x792e556d4000 size=1024 GiB)
    KLEE: Deterministic allocator: stack (start-address=0x790e556d4000 size=128 GiB)
    KLEE: WARNING: undefined reference to function: smb_tcp_print
    KLEE: WARNING ONCE: Alignment of memory from call "calloc" is not modelled. Using alignment of 8.
    KLEE: WARNING ONCE: calling external: smb_tcp_print(133686585278464, 133549146324992, 12) at driver.c:30 5
    KLEE: ERROR: driver.c:29: failed external call: smb_tcp_print
    KLEE: NOTE: now ignoring this error at this location
    KLEE: done: total instructions = 47
    KLEE: done: completed paths = 0
    KLEE: done: partially completed paths = 1
    KLEE: done: generated tests = 1
    [KLEE] Exit code: 0, Elapsed: -2.1s
    [KLEE] Log saved: /app/se_runs/sailor_engine/tcpdump-4.9.2/102_print-smb.c_1260_local_cpp_cwe-125-oob-read/logs/klee_2.log
    [KLEE] Crash: CRASH: external at driver.c:29
    [KLEE] SPINE COVERAGE: smb_tcp_print: NOT REACHED
    [KLEE] Results: bug_found=True, sink_reached=False, paths=0, tests=1
    [KLEE] Crash: CRASH: external at driver.c:29
    [KLEE] Diagnostics: SPINE COVERAGE: smb_tcp_print: NOT REACHED; TARGET smb_tcp_print NOT REACHED and no spine functions entered. Check driver — is it calling smb_tcp_print?
  [System] 2 consecutive driver crashes — auto-generating driver
  [System] Auto-wrote driver.c (691 chars)
  [Turn 12] Thought: KLEE is treating smb_tcp_print as an external because the harness spine doesn't define it. I need to write the harness now with a direct definition of smb_tcp_print that includes the vulnerable sink line, so the driver can call it internally.
  [Turn 12] Tool: WriteHarness
    [+] Wrote harness: print-smb.c (26 lines)
    [+] Inserted 1 spine coverage probes
    [+] Injected spine probes
    [+] Line map: 6 harness lines mapped to original source
    [+] Generated harness_types.h (11 lines, 1 structs, 2 typedefs)
    [i] Driver MUST: #include "harness_types.h" for correct struct layouts
  [Turn 13] Thought: I now need to rewrite driver.c to include harness_types.h and call the harness-defined smb_tcp_print with a valid concrete context and buffer.
  [Turn 13] Tool: WriteDriver
  [Tool] WriteDriver: 525 chars
  [Turn 14] Thought: The driver now uses the generated real type definitions and should link to the harness implementation. I will compile again to see whether the sink is reached or whether further path conditions need adjustment.
  [Turn 14] Tool: CompileSlice
  [Tool] CompileSlice
    [i] Auto-injected #include "harness_types.h" into stubs.c
    [i] Auto-including /app/dataset/tcp/tcpdump-4.9.2/config.h
    [+] driver.c -> OK
    [+] print-smb.c -> OK
    [+] smart_stubs.c -> OK
    [+] stubs.c -> OK
    [KLEE] Running: timeout=300s
    [KLEE] Command: /opt/klee/bin/klee --output-dir=/app/se_runs/sailor_engine/tcpdump-4.9.2/102_print-smb.c_1260_local_cpp_cwe-125-oob-read/logs/klee_run_3 --max-time=300s --write-kqueries --write-smt2s --optimize --search=random-path --search=dfs --only-output-states-covering-new --external-calls=all --check-overshift --max-depth=1000 --max-memory=2048 /app/se_runs/sailor_engine/tcpdump-4.9.2/102_print-smb.c_1260_local_cpp_cwe-125-oob-read/harness/slice.bc
    KLEE: output directory is "/app/se_runs/sailor_engine/tcpdump-4.9.2/102_print-smb.c_1260_local_cpp_cwe-125-oob-read/logs/klee_run_3"
    KLEE: Using Z3 solver backend
    KLEE: Deterministic allocator: Using quarantine queue size 8
    KLEE: Deterministic allocator: globals (start-address=0x75836eed6000 size=10 GiB)
    KLEE: Deterministic allocator: constants (start-address=0x7580eeed6000 size=10 GiB)
    KLEE: Deterministic allocator: heap (start-address=0x7480eeed6000 size=1024 GiB)
    KLEE: Deterministic allocator: stack (start-address=0x7460eeed6000 size=128 GiB)
    KLEE: WARNING ONCE: Alignment of memory from call "calloc" is not modelled. Using alignment of 8.
    KLEE: WARNING ONCE: smb_tcp_print: SPINE_PROBE:smb_tcp_print:ENTRY
    KLEE: done: total instructions = 112
    KLEE: done: completed paths = 1
    KLEE: done: partially completed paths = 0
    KLEE: done: generated tests = 1
    [KLEE] Exit code: 0, Elapsed: 0.1s
    [KLEE] Log saved: /app/se_runs/sailor_engine/tcpdump-4.9.2/102_print-smb.c_1260_local_cpp_cwe-125-oob-read/logs/klee_3.log
    [KLEE] SPINE COVERAGE: smb_tcp_print: REACHED [ENTRY]
    [KLEE] Results: bug_found=False, sink_reached=False, paths=1, tests=1
    [KLEE] Diagnostics: SPINE COVERAGE: smb_tcp_print: REACHED [ENTRY]; Entered smb_tcp_print but no switch cases or labels reached. KLEE is stuck at the function's early checks or while-loop guard.
  [Turn 15] Thought: KLEE entered smb_tcp_print but did not pass the early checks. I need to make the driver satisfy ndo->ndo_snapend < data false and provide enough length for the target path, likely by setting snapend past data and ensuring length is sufficient. I should also inspect the exact sink path only if needed, but first adjust the driver to provide a larger buffer and possibly symbolic tail bytes so the path can continue.
  [Turn 15] Tool: WriteDriver
  [Tool] WriteDriver: 579 chars
  [Turn 16] Thought: The driver should now satisfy the initial bounds check and allow deeper execution. I will compile again to confirm whether the vulnerability site is reached.
  [Turn 16] Tool: CompileSlice
  [Tool] CompileSlice
    [i] Auto-including /app/dataset/tcp/tcpdump-4.9.2/config.h
    [+] driver.c -> OK
    [+] print-smb.c -> OK
    [+] smart_stubs.c -> OK
    [+] stubs.c -> OK
    [KLEE] Running: timeout=300s
    [KLEE] Command: /opt/klee/bin/klee --output-dir=/app/se_runs/sailor_engine/tcpdump-4.9.2/102_print-smb.c_1260_local_cpp_cwe-125-oob-read/logs/klee_run_4 --max-time=300s --write-kqueries --write-smt2s --optimize --search=random-path --search=dfs --only-output-states-covering-new --external-calls=all --check-overshift --max-depth=1000 --max-memory=2048 /app/se_runs/sailor_engine/tcpdump-4.9.2/102_print-smb.c_1260_local_cpp_cwe-125-oob-read/harness/slice.bc
    KLEE: output directory is "/app/se_runs/sailor_engine/tcpdump-4.9.2/102_print-smb.c_1260_local_cpp_cwe-125-oob-read/logs/klee_run_4"
    KLEE: Using Z3 solver backend
    KLEE: Deterministic allocator: Using quarantine queue size 8
    KLEE: Deterministic allocator: globals (start-address=0x790a67376000 size=10 GiB)
    KLEE: Deterministic allocator: constants (start-address=0x7907e7376000 size=10 GiB)
    KLEE: Deterministic allocator: heap (start-address=0x7807e7376000 size=1024 GiB)
    KLEE: Deterministic allocator: stack (start-address=0x77e7e7376000 size=128 GiB)
    KLEE: WARNING ONCE: Alignment of memory from call "calloc" is not modelled. Using alignment of 8.
    KLEE: ERROR: driver.c:19: memory error: invalid pointer: make_symbolic
    KLEE: NOTE: now ignoring this error at this location
    KLEE: done: total instructions = 41
    KLEE: done: completed paths = 0
    KLEE: done: partially completed paths = 1
    KLEE: done: generated tests = 1
    [KLEE] Exit code: 0, Elapsed: 0.1s
    [KLEE] Log saved: /app/se_runs/sailor_engine/tcpdump-4.9.2/102_print-smb.c_1260_local_cpp_cwe-125-oob-read/logs/klee_4.log
    [KLEE] Crash: CRASH: ptr at driver.c:19
    [KLEE] SPINE COVERAGE: smb_tcp_print: NOT REACHED
    [KLEE] Results: bug_found=True, sink_reached=False, paths=0, tests=1
    [KLEE] Crash: CRASH: ptr at driver.c:19
    [KLEE] Diagnostics: MEMORY ERROR detected by KLEE.; SPINE COVERAGE: smb_tcp_print: NOT REACHED; TARGET smb_tcp_print NOT REACHED and no spine functions entered. Check driver — is it calling smb_tcp_print?
  [System] 3 consecutive driver crashes — auto-generating driver
  [System] Auto-wrote driver.c (787 chars)
  [Turn 17] Thought: The crash is again from a bad klee_make_symbolic on an invalid pointer, likely because the harness_types layout does not match my assumptions. Since the function is already in the harness and the sink is at line 22, I can avoid symbolicizing anything in driver.c and just use fully concrete initialized memory, letting the harness path execute deterministically.
  [Turn 17] Tool: WriteDriver
  [Tool] WriteDriver: 586 chars
  [Turn 18] Thought: I have removed symbolic memory from the driver entirely to avoid invalid-pointer crashes. Now I will compile and see whether the harness reaches the sink or if the harness itself needs adjustment.
  [Turn 18] Tool: CompileSlice
  [Tool] CompileSlice
    [i] Auto-including /app/dataset/tcp/tcpdump-4.9.2/config.h
    [+] driver.c -> OK
    [+] print-smb.c -> OK
    [+] smart_stubs.c -> OK
    [+] stubs.c -> OK
    [KLEE] Running: timeout=300s
    [KLEE] Command: /opt/klee/bin/klee --output-dir=/app/se_runs/sailor_engine/tcpdump-4.9.2/102_print-smb.c_1260_local_cpp_cwe-125-oob-read/logs/klee_run_5 --max-time=300s --write-kqueries --write-smt2s --optimize --search=random-path --search=dfs --only-output-states-covering-new --external-calls=all --check-overshift --max-depth=1000 --max-memory=2048 /app/se_runs/sailor_engine/tcpdump-4.9.2/102_print-smb.c_1260_local_cpp_cwe-125-oob-read/harness/slice.bc
    KLEE: output directory is "/app/se_runs/sailor_engine/tcpdump-4.9.2/102_print-smb.c_1260_local_cpp_cwe-125-oob-read/logs/klee_run_5"
    KLEE: Using Z3 solver backend
    KLEE: Deterministic allocator: Using quarantine queue size 8
    KLEE: Deterministic allocator: globals (start-address=0x7d4ac13ba000 size=10 GiB)
    KLEE: Deterministic allocator: constants (start-address=0x7d48413ba000 size=10 GiB)
    KLEE: Deterministic allocator: heap (start-address=0x7c48413ba000 size=1024 GiB)
    KLEE: Deterministic allocator: stack (start-address=0x7c28413ba000 size=128 GiB)
    KLEE: WARNING ONCE: Alignment of memory from call "calloc" is not modelled. Using alignment of 8.
    KLEE: WARNING ONCE: smb_tcp_print: SPINE_PROBE:smb_tcp_print:ENTRY
    KLEE: ERROR: print-smb.c:21: memory error: out of bound pointer
    KLEE: NOTE: now ignoring this error at this location
    KLEE: done: total instructions = 124
    KLEE: done: completed paths = 0
    KLEE: done: partially completed paths = 1
    KLEE: done: generated tests = 1
    [KLEE] Exit code: 0, Elapsed: 0.1s
    [KLEE] Log saved: /app/se_runs/sailor_engine/tcpdump-4.9.2/102_print-smb.c_1260_local_cpp_cwe-125-oob-read/logs/klee_5.log
    [KLEE] *** BUG TRIGGERED — KLEE  error at line 21 (sink assert at 23) ***
    [KLEE] Send to concrete validation.
    [KLEE] Crash: CRASH: ptr at print-smb.c:21
    [KLEE] SPINE COVERAGE: smb_tcp_print: REACHED [ENTRY]
    [KLEE] Results: bug_found=True, sink_reached=True, paths=0, tests=1
    [KLEE] Crash: CRASH: ptr at print-smb.c:21
    [KLEE] Diagnostics: BUG TRIGGERED: KLEE  error at line 21 (sink assert at 23); MEMORY ERROR detected by KLEE.; SPINE COVERAGE: smb_tcp_print: REACHED [ENTRY]; Entered smb_tcp_print but no switch cases or labels reached. KLEE is stuck at the function's early checks or while-loop guard.
  [BUG] KLEE  error at line 21 (sink assert at 23)
    [+] Line map: 6 harness lines mapped to original source
  [MAP] harness print-smb.c:21 → print-smb.c:917
  [MAP] Code: return;
  [Phase 5] Concrete validation (ASan replay)
    [i] KLEE output: /app/se_runs/sailor_engine/tcpdump-4.9.2/102_print-smb.c_1260_local_cpp_cwe-125-oob-read/logs/klee_run_5
    [i] test000001.ptr.err: ptr at print-smb.c:21 [real]
    [i] Found 1 total errors, 1 real (non-harness)
    [i] Decoded /app/se_runs/sailor_engine/tcpdump-4.9.2/102_print-smb.c_1260_local_cpp_cwe-125-oob-read/logs/klee_run_5/test000001.ktest: 0 symbolic objects
    [✓] Mapped: harness print-smb.c:21 → print-smb.c:917
        Code: return;
    [ASan-Real] Source: /app/se_runs/sailor_engine/tcpdump-4.9.2/102_print-smb.c_1260_local_cpp_cwe-125-oob-read/src_copy/print-smb.c
    [ASan-Real] Auto-including /app/dataset/tcp/tcpdump-4.9.2/config.h (-I /app/dataset/tcp/tcpdump-4.9.2)
    [ASan-Real] Copying source tree from /app/dataset/tcp/tcpdump-4.9.2 to /app/se_runs/sailor_engine/tcpdump-4.9.2/102_print-smb.c_1260_local_cpp_cwe-125-oob-read/asan_real/asan_src...
    [ASan-Real] Cleaning previous build...
    [ASan-Real] configure (custom) + ASan...
    [ASan-Real] Configured, running make...
    [ASan-Real] Make errors: /bin/sh: 1: Syntax error: "(" unexpected
/bin/sh: 1: Syntax error: "(" unexpected
make: *** [Makefile:70: setsignal.o] Error 2
make: *** Waiting for unfinished jobs....
make: *** [Makefile:70: tcpdump.o] Error 2
/bin/sh: 1: Syntax error: "(" unexpected
make: *** [Makefile:71: addrtoname.o] Error 2

    [ASan-Real] No .a/.so files produced by build
    [ASan-Real] Trying make with ASan in /app/dataset/tcp/tcpdump-4.9.2...
    [ASan-Real] Make succeeded: /app/dataset/tcp/tcpdump-4.9.2/libnetdissect.a
    [ASan-Real] Linking replay driver against libnetdissect.a...
    [ASan-Real] Compiled: /app/se_runs/sailor_engine/tcpdump-4.9.2/102_print-smb.c_1260_local_cpp_cwe-125-oob-read/asan_real/replay_real_bin
    [ASan-Real] *** Bug CONFIRMED in real library! ***
    [ASan-Real] Error: SEGV
    [Report] Crash relevance: different_location (asan=@:0, target=smb_tcp_print@print-smb.c:1260)
    [Report] Verdict: LIKELY_TP_DIFFERENT_CRASH
    [Report] KLEE crash: harness print-smb.c:21 → original print-smb.c:917
    [Report] ASan: SEGV at :0
    [Report] Target crashes: 1
    [✓] Bug report saved: /app/se_runs/sailor_engine/tcpdump-4.9.2/102_print-smb.c_1260_local_cpp_cwe-125-oob-read/bug_report.json
    [SUMMARY] Verdict: LIKELY_TP_DIFFERENT_CRASH
    [SUMMARY] ptr at harness print-smb.c:21 → print-smb.c:917
  [AUTO-DONE] verdict=TP, asan=True
Done.
